../Core/Src/main.c:65:20:tb_enable	16	static
../Core/Src/main.c:69:20:tb_dir	16	static
../Core/Src/main.c:74:13:set_step_freq	40	static
../Core/Src/main.c:100:6:user_test_run	8	static
../Core/Src/main.c:118:5:main	8	static
../Core/Src/main.c:163:6:SystemClock_Config	88	static
../Core/Src/main.c:205:13:MX_TIM2_Init	48	static
../Core/Src/main.c:254:13:MX_GPIO_Init	40	static
../Core/Src/main.c:281:6:HAL_TIM_OC_DelayElapsedCallback	24	static
../Core/Src/main.c:295:6:Error_Handler	4	static,ignoring_inline_asm
